// Jest Snapshot v1, https://goo.gl/fbAQLP

exports[`Test in <SidebarOptions /> should show component correct 1`] = `
<div
  className="sidebarOption"
>
  <p />
</div>
`;
